40 40
SPRITESHEETS
sprites/sprites.png 32 32 1 1
sprites/player_moving.png 24 27 0 0
sprites/computer_moving.png 24 27 0 0
sprites/player_attacking.png 24 27 3 3
sprites/computer_attacking.png 24 27 3 3
END SPRITESHEETS
TERRAIN
Ww FALSE TRUE sprites/sprites.png 6 3
FS FALSE FALSE sprites/sprites.png 0 1
FU FALSE FALSE sprites/sprites.png 2 2
DD FALSE FALSE sprites/sprites.png 10 2
.. TRUE TRUE sprites/sprites.png 5 3
gg TRUE TRUE sprites/sprites.png 3 3
bs TRUE TRUE sprites/sprites.png 0 3
bu TRUE TRUE sprites/sprites.png 8 2
END TERRAIN
START
..........DD......................................DD......................DD....
..........DDDD............................................................DD....
................................................................DD..............
..............................................DD................................
..........DDDD..............................................................DD..
DDDD....DDDD........................DD......................DD..................
..DD....DD......................................................................
....................DD..................DD......................................
................................................................................
................................................................................
....................WwWwWwWwbubuWwWwWwWwWwWwWwWwWwWwWwWwWwWw......DD............
....................WwWwWwWwbsbsbsbsbsbsbsbsbsbsbsWwWwWwWwWw....................
....................WwWwWwWwbsbsbsbsbsbsbsbsbsbsbsWwWwWwWwWw............DD......
....................WwWwWwWwWwWwWwWwWwWwWwWwWwbubuWwWwWwWwWw....................
....DDDD............WwWwWwWwFSFSFSFSFSFSFSFSFSggggFUWwggggbs....................
....................WwggggbsggggggggggggggggggggggFUWwggggbs....................
....................WwggggbsggggggggggggggggggggggFUWwbubuWw..........DD........
....................WwbubuWwFUggggggggggggggggggggFUWwbubuWw....................
....................WwbubuWwFUggggggggggggggggggggFUWwbubuWw....DD..............
....................WwbubuWwFUggggggggggggggggggggFUWwbubuWw....................
....................WwbubuWwFUggggggggggggggggggggFUWwbubuWw....................
............DDDD....WwbubuWwFUggggggggggggggggggggFUWwbubuWw....................
..............DD....WwbubuWwFUggggggggggggggggggggFUWwbubuWw....................
....................WwbubuWwFUggggggggggggggggggggggbsggggWw................DD..
....................bsggggWwFUggggggggggggggggggggggbsggggWw....................
....................bsggggWwFUggggFSFSFSFSFSFSFSFSFSWwWwWwWw............DD......
......DD............WwWwWwWwWwbubuWwWwWwWwWwWwWwWwWwWwWwWwWw........DDDD........
....................WwWwWwWwWwggggbsbsbsbsbsbsbsggggWwWwWwWw....................
....................WwWwWwWwWwggggbsbsbsbsbsbsbsggggWwWwWwWw....................
....................WwWwWwWwWwWwWwWwWwWwWwWwWwWwbubuWwWwWwWw....................
............DD..................................................................
................................................................................
....DDDDDD..............................................DD......................
....DD..DD......................DD....................................DD....DD..
....DD..............................................................DDDD....DDDD
....DD............................................DD..............DDDD..........
................................................................................
....................................DD..........................................
..................DD....................................DD........DDDD..........
....................................................................DD..........
END
UNITS
aa TRUE sprites/computer_moving.png 0 2 3 sprites/computer_attacking.png 4
bb FALSE sprites/player_moving.png 0 0 3 sprites/player_attacking.png 4
END UNITS
START
aaaaaaaa..DD......................................DD......................DD....
aaaaaaaa..DDDD............................................................DD....
aaaaaaaa........................................................DD..............
..............................................DD................................
..........DDDD..............................................................DD..
DDDD....DDDD........................DD......................DD..................
..DD....DD......................................................................
....................DD..................DD......................................
................................................................................
................................................................................
....................WwWwWwWwbubuWwWwWwWwWwWwWwWwWwWwWwWwWwWw......DD............
....................WwWwWwWwbsbsbsbsbsbsbsbsbsbsbsWwWwWwWwWw....................
....................WwWwWwWwbsbsbsbsbsbsbsbsbsbsbsWwWwWwWwWw............DD......
....................WwWwWwWwWwWwWwWwWwWwWwWwWwbubuWwWwWwWwWw....................
....DDDD............WwWwWwWwFSFSFSFSFSFSFSFSFSggggFUWwggggbs....................
....................WwggggbsggggggggggggggggggggggFUWwggggbs....................
....................WwggggbsggggggggggggggggggggggFUWwbubuWw..........DD........
....................WwbubuWwFUggggggggggggggggggggFUWwbubuWw....................
....................WwbubuWwFUggggggggggggggggggggFUWwbubuWw....DD..............
....................WwbubuWwFUggggggggggggggggggggFUWwbubuWw....................
....................WwbubuWwFUggggggggggggggggggggFUWwbubuWw....................
............DDDD....WwbubuWwFUggggggggggggggggggggFUWwbubuWw....................
..............DD....WwbubuWwFUggggggggggggggggggggFUWwbubuWw....................
....................WwbubuWwFUggggggggggggggggggggggbsggggWw................DD..
....................bsggggWwFUggggggggggggggggggggggbsggggWw....................
....................bsggggWwFUggggFSFSFSFSFSFSFSFSFSWwWwWwWw............DD......
......DD............WwWwWwWwWwbubuWwWwWwWwWwWwWwWwWwWwWwWwWw........DDDD........
....................WwWwWwWwWwggggbsbsbsbsbsbsbsggggWwWwWwWw....................
....................WwWwWwWwWwggggbsbsbsbsbsbsbsggggWwWwWwWw....................
....................WwWwWwWwWwWwWwWwWwWwWwWwWwWwbubuWwWwWwWw....................
............DD..................................................................
................................................................................
....DDDDDD..............................................DD......................
....DD..DD......................DD....................................DD....DD..
....DD..............................................................DDDD....DDDD
....DD............................................DD..............DDDD..........
................................................................................
....................................DD..................................bbbbbbbb
..................DD....................................DD........DDDD..bbbbbbbb
....................................................................DD..bbbbbbbb
END
